Input Array: [4, 253, 584, 97, 432, 303, 621, 645, 64, 348, 633, 405, 409, 268, 601, 667, 644, 582, 129, 420]
######################################################################################################
######################################################################################################
Median in check point #5: 253
MaxHeap: [253, 97, 4, 0, 0, 0, 0, 0, 0, 0, 0, 0] MinHeap: [432, 584, 0, 0, 0, 0, 0, 0, 0, 0, 0, 0]
######################################################################################################
Median in check point #10: 303
MaxHeap: [303, 253, 64, 97, 4, 0, 0, 0, 0, 0, 0, 0] MinHeap: [348, 432, 621, 645, 584, 0, 0, 0, 0, 0, 0, 0]
######################################################################################################
Median in check point #15: 405
MaxHeap: [405, 348, 253, 303, 4, 64, 97, 268, 0, 0, 0, 0] MinHeap: [409, 432, 584, 601, 633, 621, 645, 0, 0, 0, 0, 0]
######################################################################################################
######################################################################################################
S: [409, 405, 348, 303, 253, 64, 97, 268, 4, 129, 0, 0] [420, 432, 582, 644, 601, 621, 645, 667, 633, 584, 0, 0]